// Jest Snapshot v1, https://goo.gl/fbAQLP

exports[`it should render correctly 1`] = `
.c0 {
  padding: 1rem 0;
  border-top: 1px solid #e7e7e7;
}

.c0 > :first-child {
  margin-top: 0;
}

<div>
  <div
    class="sc-AxjAm c0"
    spacing="1"
  >
    Some text
  </div>
</div>
`;
