// Jest Snapshot v1, https://goo.gl/fbAQLP

exports[`it should render with an alernative selector 1`] = `
.c0 {
  margin: 0;
  font-size: 1.125rem;
  line-height: 1rem;
  color: #888888;
}

<span
  class="c0"
>
  Test
</span>
`;
